[debug] [2026-08-13T01:16:55.285Z] ----------------------------------------------------------------------
[debug] [2026-08-13T01:16:55.287Z] Command:       C:\nvm4w\nodejs\node.exe C:\Users\vtsan\AppData\Roaming\npm\node_modules\firebase-tools\lib\bin\firebase.js projects:list --debug
[debug] [2026-08-13T01:16:55.287Z] CLI Version:   14.9.0
[debug] [2026-08-13T01:16:55.288Z] Platform:      win32
[debug] [2026-08-13T01:16:55.288Z] Node Version:  v20.19.0
[debug] [2026-08-13T01:16:55.288Z] Time:          Wed Aug 12 2026 22:16:55 GMT-0300 (Horário Padrão de Brasília)
[debug] [2026-08-13T01:16:55.288Z] ----------------------------------------------------------------------
[debug] 
[debug] [2026-08-13T01:16:55.465Z] > command requires scopes: ["email","openid","https://www.googleapis.com/auth/cloudplatformprojects.readonly","https://www.googleapis.com/auth/firebase","https://www.googleapis.com/auth/cloud-platform"]
[debug] [2026-08-13T01:16:55.466Z] > authorizing via signed-in user (vgomes.sants@gmail.com)
[debug] [2026-08-13T01:16:55.468Z] Checked if tokens are valid: false, expires at: 1751499652928
[debug] [2026-08-13T01:16:55.469Z] Checked if tokens are valid: false, expires at: 1751499652928
[debug] [2026-08-13T01:16:55.469Z] > refreshing access token with scopes: []
[debug] [2026-08-13T01:16:55.470Z] >>> [apiv2][query] POST https://www.googleapis.com/oauth2/v3/token [none]
[debug] [2026-08-13T01:16:55.470Z] >>> [apiv2][body] POST https://www.googleapis.com/oauth2/v3/token [omitted]
[debug] [2026-08-13T01:16:55.677Z] <<< [apiv2][status] POST https://www.googleapis.com/oauth2/v3/token 400
[debug] [2026-08-13T01:16:55.677Z] <<< [apiv2][body] POST https://www.googleapis.com/oauth2/v3/token [omitted]
[debug] [2026-08-13T01:16:55.678Z] >>> [apiv2][query] GET https://firebase.googleapis.com/v1beta1/projects pageSize=1000
[debug] [2026-08-13T01:16:55.831Z] <<< [apiv2][status] GET https://firebase.googleapis.com/v1beta1/projects 401
[debug] [2026-08-13T01:16:55.831Z] <<< [apiv2][body] GET https://firebase.googleapis.com/v1beta1/projects [omitted]
[debug] [2026-08-13T01:16:55.831Z] Got a 401 Unauthenticated error for a call that required authentication. Refreshing tokens.
[debug] [2026-08-13T01:16:55.832Z] Checked if tokens are valid: false, expires at: 1751499652928
[debug] [2026-08-13T01:16:55.832Z] Checked if tokens are valid: false, expires at: 1751499652928
[debug] [2026-08-13T01:16:55.832Z] > refreshing access token with scopes: []
[debug] [2026-08-13T01:16:55.833Z] >>> [apiv2][query] POST https://www.googleapis.com/oauth2/v3/token [none]
[debug] [2026-08-13T01:16:55.833Z] >>> [apiv2][body] POST https://www.googleapis.com/oauth2/v3/token [omitted]
[debug] [2026-08-13T01:16:55.907Z] <<< [apiv2][status] POST https://www.googleapis.com/oauth2/v3/token 400
[debug] [2026-08-13T01:16:55.907Z] <<< [apiv2][body] POST https://www.googleapis.com/oauth2/v3/token [omitted]
[debug] [2026-08-13T01:16:55.909Z] Request to https://firebase.googleapis.com/v1beta1/projects?pageSize=1000 had HTTP Error: 401, Request had invalid authentication credentials. Expected OAuth 2 access token, login cookie or other valid authentication credential. See https://developers.google.com/identity/sign-in/web/devconsole-project.
[debug] [2026-08-13T01:16:56.051Z] FirebaseError: Request to https://firebase.googleapis.com/v1beta1/projects?pageSize=1000 had HTTP Error: 401, Request had invalid authentication credentials. Expected OAuth 2 access token, login cookie or other valid authentication credential. See https://developers.google.com/identity/sign-in/web/devconsole-project.
    at responseToError (C:\Users\vtsan\AppData\Roaming\npm\node_modules\firebase-tools\lib\responseToError.js:52:12)
    at RetryOperation._fn (C:\Users\vtsan\AppData\Roaming\npm\node_modules\firebase-tools\lib\apiv2.js:312:77)
    at process.processTicksAndRejections (node:internal/process/task_queues:95:5)
[error] 
[error] Error: Failed to list Firebase projects. See firebase-debug.log for more info.
